int x;
bool b;
void f() {
}

int g() {
    return 0;
}

bool h() {
    return true;
}

void m(int x, bool b) {
}

void t1() {
    x(int) = ((x(int) + x(int)) - ((x(int) * x(int)) / x(int)));
    x(int)--;
    x(int)++;
    b(bool) = (x(int) > x(int));
    b(bool) = (x(int) < x(int));
    b(bool) = (x(int) <= x(int));
    b(bool) = (x(int) >= x(int));
    b(bool) = (x(int) == x(int));
    b(bool) = (x(int) != x(int));
    b(bool) = (b(bool) == b(bool));
    b(bool) = (b(bool) != b(bool));
    x(int) = x(int);
    b(bool) = b(bool);
    x(int) = g(->int)();
    b(bool) = h(->bool)();
    cin >> x(int);
    cin >> b(bool);
    cout << x(int);
    cout << b(bool);
    cout << "";
    f(->void)();
    g(->int)();
    h(->bool)();
    m(int,bool->void)(x(int), b(bool));
    if (b(bool)) {
    }
    if (b(bool)) {
    }
    else {
    }
    while (b(bool)) {
    }
    repeat (1) {
    }
    if (b(bool)) {
        if (b(bool)) {
            while (b(bool)) {
                repeat (1) {
                    x(int) = ((x(int) + x(int)) - ((x(int) * x(int)) / x(int)));
                    x(int)--;
                    x(int)++;
                    b(bool) = (x(int) > x(int));
                    b(bool) = (x(int) < x(int));
                    b(bool) = (x(int) <= x(int));
                    b(bool) = (x(int) >= x(int));
                    b(bool) = (x(int) == x(int));
                    b(bool) = (x(int) != x(int));
                    b(bool) = (b(bool) == b(bool));
                    b(bool) = (b(bool) != b(bool));
                    x(int) = x(int);
                    b(bool) = b(bool);
                    x(int) = g(->int)();
                    b(bool) = h(->bool)();
                    cin >> x(int);
                    cin >> b(bool);
                    cout << x(int);
                    cout << b(bool);
                    cout << "";
                    f(->void)();
                    g(->int)();
                    h(->bool)();
                    m(int,bool->void)(x(int), b(bool));
                    if (b(bool)) {
                    }
                    if (b(bool)) {
                    }
                    else {
                    }
                    while (b(bool)) {
                    }
                    repeat (1) {
                    }
                }
            }
        }
        else {
        }
    }
}

